// Jest Snapshot v1, https://goo.gl/fbAQLP

exports[`admin votes page correctly 1`] = `
Array [
  <a
    href="/admin"
    onClick={[Function]}
  >
    â¬… Back
  </a>,
  <div>
    <div
      className="row"
    >
      <div
        className="col-md-4 col-6"
      >
        <div
          className="list-group"
          onKeyDown={[Function]}
          style={
            Object {
              "marginTop": 200,
            }
          }
        />
      </div>
      <div
        className="col"
      >
        <div />
      </div>
    </div>
  </div>,
  <div>
    <h3>
      Ajouter une option de vote
    </h3>
    <form
      className=""
    >
      <div
        className="form-group"
      >
        <label
          className="form-label"
          htmlFor="formBasicUsername"
        >
          Titre :
        </label>
        <input
          className="form-control"
          id="formBasicUsername"
          onChange={[Function]}
          type="text"
        />
        <small
          className="text-muted form-text"
        />
      </div>
      <div
        className="submitButton form-group"
      >
        <button
          className="btn btn-primary"
          disabled={false}
          onClick={[Function]}
          type="button"
        >
          Create
        </button>
      </div>
    </form>
  </div>,
]
`;
