// Jest Snapshot v1, https://goo.gl/fbAQLP

exports[`admin user page correctly 1`] = `
Array [
  <a
    href="/admin"
    onClick={[Function]}
  >
    â¬… Back
  </a>,
  <div
    className="contentForm"
  >
    <h1
      className="title"
    >
      Admin Users Page - Users
    </h1>
    <div
      className="createContent"
    >
      <form
        className=""
      >
        <div
          className="form-group"
        >
          <label
            className="form-label"
            htmlFor="formBasicUsername"
          >
            Username :
          </label>
          <input
            className="form-control"
            id="formBasicUsername"
            onChange={[Function]}
            placeholder="Enter username"
            type="text"
          />
          <small
            className="text-muted form-text"
          />
        </div>
        <div
          className="form-group"
        >
          <label
            className="form-label"
            htmlFor="formBasicPassword"
          >
            Password :
          </label>
          <input
            className="form-control"
            id="formBasicPassword"
            onChange={[Function]}
            placeholder="Enter Password"
            type="password"
          />
        </div>
        <div
          className="errorContent form-group"
        >
          <label
            className="form-label"
          >
            
          </label>
        </div>
        <div
          className="submitButton form-group"
        >
          <button
            className="btn btn-primary"
            disabled={false}
            onClick={[Function]}
            type="button"
          >
            Create
          </button>
        </div>
        <div
          className="successContent form-group"
        >
          <label
            className="form-label"
          >
            
          </label>
        </div>
      </form>
    </div>
  </div>,
  <div
    className="contentTable"
  >
    <table
      className="table table-blue table-striped table-bordered table-hover"
    >
      <thead>
        <tr>
          <th>
            Id
          </th>
          <th>
            Username
          </th>
        </tr>
      </thead>
      <tbody />
    </table>
  </div>,
]
`;
